============================= test session starts =============================
platform win32 -- Python 3.10.0, pytest-9.1.1, pluggy-1.6.0 -- C:\Users\lhw\.pyenv\pyenv-win\versions\3.10.0\python.exe
cachedir: .pytest_cache
rootdir: D:\trae\conversion-prediction\backend
configfile: pytest.ini
plugins: anyio-4.14.0, asyncio-1.4.0, cov-7.1.0
asyncio: mode=strict, debug=False, asyncio_default_fixture_loop_scope=None, asyncio_default_test_loop_scope=function
collecting ... collected 25 items

tests/test_predictions_api.py::TestScoreAPI::test_score_endpoint_returns_feature_details PASSED [  4%]
tests/test_predictions_api.py::TestScoreAPI::test_score_endpoint_historical_record_feature_details_empty PASSED [  8%]
tests/test_predictions_api.py::TestScoreAPI::test_duplicate_score_within_window_returns_409 PASSED [ 12%]
tests/test_predictions_api.py::TestScoreAPI::test_different_behavior_scores_not_blocked PASSED [ 16%]
tests/test_predictions_api.py::TestScoreAPI::test_score_endpoint_returns_behavior_brief PASSED [ 20%]
tests/test_predictions_api.py::TestScoreAPI::test_list_predictions_batch_preload PASSED [ 24%]
tests/test_predictions_api.py::TestScoreAPI::test_viewer_role_cannot_score PASSED [ 28%]
tests/test_predictions_api.py::TestScoreAPI::test_batch_score_returns_behavior_data PASSED [ 32%]
tests/test_predictions_api.py::TestScoreAPI::test_score_bucket_field_written PASSED [ 36%]
tests/test_scorer.py::TestScoreBehavior::test_zero_behavior_returns_zero PASSED [ 40%]
tests/test_scorer.py::TestScoreBehavior::test_score_range PASSED         [ 44%]
tests/test_scorer.py::TestScoreBehavior::test_feature_details_structure PASSED [ 48%]
tests/test_scorer.py::TestScoreBehavior::test_feature_details_values_match_input PASSED [ 52%]
tests/test_scorer.py::TestScoreBehavior::test_feature_details_normalized_capped_at_1 PASSED [ 56%]
tests/test_scorer.py::TestScoreBehavior::test_feature_details_weights_match_config PASSED [ 60%]
tests/test_scorer.py::TestScoreBehavior::test_higher_purchases_increases_score PASSED [ 64%]
tests/test_scorer.py::TestScoreBehavior::test_days_since_last_visit_penalizes_score PASSED [ 68%]
tests/test_scorer.py::TestScoreBehavior::test_consistent_input_produces_consistent_output PASSED [ 72%]
tests/test_scorer.py::TestClassifySegment::test_high_intent PASSED       [ 76%]
tests/test_scorer.py::TestClassifySegment::test_medium_intent PASSED     [ 80%]
tests/test_scorer.py::TestClassifySegment::test_low_intent PASSED        [ 84%]
tests/test_scorer.py::TestClassifySegment::test_boundary_values PASSED   [ 88%]
tests/test_scorer.py::TestWeightSanity::test_purchases_has_highest_weight PASSED [ 92%]
tests/test_scorer.py::TestWeightSanity::test_days_since_last_visit_is_negative PASSED [ 96%]
tests/test_scorer.py::TestWeightSanity::test_all_normalizers_are_positive PASSED [100%]

=============================== tests coverage ================================
_______________ coverage: platform win32, python 3.10.0-final-0 _______________

Name                            Stmts   Miss  Cover   Missing
-------------------------------------------------------------
auth.py                            67     21    69%   23, 26, 44-46, 49, 53-58, 62, 67-80, 86, 92
database.py                        23      4    83%   33-37
main.py                            40      6    85%   24-25, 32-33, 39-43
ml\__init__.py                      0      0   100%
ml\scorer.py                       37      0   100%
models.py                          42      0   100%
routers\__init__.py                 0      0   100%
routers\behaviors.py               44     26    41%   15-19, 23-26, 30-33, 37-44, 48-52
routers\predictions.py            182     57    69%   30, 37-44, 50, 56-63, 78, 130-138, 150, 160, 168, 185, 191, 193, 203, 228-234, 237-247, 275-278, 285-294, 315-322
routers\reports.py                 34     19    44%   16-29, 40-51, 55-67
routers\users.py                   28     14    50%   15-17, 21-26, 30-34
schemas.py                        118      0   100%
tests\__init__.py                   0      0   100%
tests\conftest.py                  81     16    80%   79, 92-116
tests\test_predictions_api.py     128      0   100%
tests\test_scorer.py               72      0   100%
-------------------------------------------------------------
TOTAL                             896    163    82%
Required test coverage of 70% reached. Total coverage: 81.81%
============================= 25 passed in 2.77s ==============================
